**********************
Windows PowerShell transcript start
Start time: 20220928005427
Username: ARI\Ari
RunAs User: ARI\Ari
Configuration Name: 
Machine: ARI (Microsoft Windows NT 10.0.19044.0)
Host Application: C:\Windows\System32\WindowsPowerShell\v1.0\powershell.exe
Process ID: 12348
PSVersion: 5.1.19041.1682
PSEdition: Desktop
PSCompatibleVersions: 1.0, 2.0, 3.0, 4.0, 5.0, 5.1.19041.1682
BuildVersion: 10.0.19041.1682
CLRVersion: 4.0.30319.42000
WSManStackVersion: 3.0
PSRemotingProtocolVersion: 2.3
SerializationVersion: 1.1.0.1
**********************
Transcript started, output file is D:\Documents\PowerShell_transcript.ARI.USESjITb.20220928005427.txt
PS D:\documents\cisc 3140\3140-Fall22\Lab 1> ls


    Directory: D:\documents\cisc 3140\3140-Fall22\Lab 1


Mode                 LastWriteTime         Length Name
----                 -------------         ------ ----
-a----         9/28/2022  12:44 AM           2213 Lab1.class
-a----         9/28/2022  12:44 AM           2230 Lab1.java
-a----         9/27/2022   7:57 PM            189 Task 1.txt


PS D:\documents\cisc 3140\3140-Fall22\Lab 1> java Lab1
Today's date: 2022-09-28

Lab 1's due date is 2022-09-28 | Lab 1 is due today.

Lab 2's due date is 2022-10-28 | Lab 2 is due in 30 days.

Lab 3's due date is 2022-11-23 | Lab 3 is due in 56 days.

Lab 4's due date is 2022-12-07 | Lab 4 is due in 70 days.
PS D:\documents\cisc 3140\3140-Fall22\Lab 1> git add Lab1.*

PS D:\documents\cisc 3140\3140-Fall22\Lab 1> git commit -m "adding java program again while recording terminal session"
On branch main
Your branch is up to date with 'origin/main'.

nothing to commit, working tree clean
PS D:\documents\cisc 3140\3140-Fall22\Lab 1> git push
Everything up-to-date
PS D:\documents\cisc 3140\3140-Fall22\Lab 1> stop-transcript
**********************
Windows PowerShell transcript end
End time: 20220928005612
**********************
